------------------------------------------------------------
Timing Analyzer Summary
------------------------------------------------------------

Type  : Slow 1200mV 85C Model Setup 'rclk_i'
Slack : -0.663
TNS   : -3.656

Type  : Slow 1200mV 85C Model Setup 'srclk_i'
Slack : 0.010
TNS   : 0.000

Type  : Slow 1200mV 85C Model Hold 'srclk_i'
Slack : 0.509
TNS   : 0.000

Type  : Slow 1200mV 85C Model Hold 'rclk_i'
Slack : 0.697
TNS   : 0.000

Type  : Slow 1200mV 85C Model Minimum Pulse Width 'rclk_i'
Slack : -3.000
TNS   : -28.279

Type  : Slow 1200mV 85C Model Minimum Pulse Width 'srclk_i'
Slack : -3.000
TNS   : -14.896

Type  : Slow 1200mV 0C Model Setup 'rclk_i'
Slack : -0.601
TNS   : -2.659

Type  : Slow 1200mV 0C Model Setup 'srclk_i'
Slack : 0.110
TNS   : 0.000

Type  : Slow 1200mV 0C Model Hold 'srclk_i'
Slack : 0.479
TNS   : 0.000

Type  : Slow 1200mV 0C Model Hold 'rclk_i'
Slack : 0.645
TNS   : 0.000

Type  : Slow 1200mV 0C Model Minimum Pulse Width 'rclk_i'
Slack : -3.000
TNS   : -28.279

Type  : Slow 1200mV 0C Model Minimum Pulse Width 'srclk_i'
Slack : -3.000
TNS   : -14.896

Type  : Fast 1200mV 0C Model Setup 'rclk_i'
Slack : 0.343
TNS   : 0.000

Type  : Fast 1200mV 0C Model Setup 'srclk_i'
Slack : 0.563
TNS   : 0.000

Type  : Fast 1200mV 0C Model Hold 'srclk_i'
Slack : 0.198
TNS   : 0.000

Type  : Fast 1200mV 0C Model Hold 'rclk_i'
Slack : 0.253
TNS   : 0.000

Type  : Fast 1200mV 0C Model Minimum Pulse Width 'rclk_i'
Slack : -3.000
TNS   : -21.142

Type  : Fast 1200mV 0C Model Minimum Pulse Width 'srclk_i'
Slack : -3.000
TNS   : -11.520

------------------------------------------------------------
